../Core/Src/main.c:121:5:main	112	static
../Core/Src/main.c:225:6:SystemClock_Config	96	static
../Core/Src/main.c:276:13:MX_I2C2_Init	8	static
../Core/Src/main.c:324:13:MX_TIM2_Init	48	static
../Core/Src/main.c:377:13:MX_TIM3_Init	40	static
../Core/Src/main.c:433:13:MX_USART1_UART_Init	8	static
../Core/Src/main.c:468:13:MX_USART3_UART_Init	8	static
../Core/Src/main.c:503:13:MX_GPIO_Init	48	static
../Core/Src/main.c:681:6:HAL_TIM_IC_CaptureCallback	32	static
../Core/Src/main.c:765:6:Update_Motors	16	static
../Core/Src/main.c:777:6:HAL_UART_RxCpltCallback	16	static
../Core/Src/main.c:793:6:processCompleteMessage	32	static
../Core/Src/main.c:806:6:CheckSwitchMode	16	static
../Core/Src/main.c:838:5:__io_putchar	16	static
../Core/Src/main.c:843:6:HAL_UART_ErrorCallback	16	static
../Core/Src/main.c:854:16:platform_write	48	static
../Core/Src/main.c:861:16:platform_read	48	static
../Core/Src/main.c:868:6:IMU_Init	16	static
../Core/Src/main.c:896:6:IMU_Read	40	static
../Core/Src/main.c:932:6:Error_Handler	4	static,ignoring_inline_asm
