../Core/Src/main.c:854:16:platform_write	24	static
../Core/Src/main.c:861:16:platform_read	24	static
../Core/Src/main.c:225:6:SystemClock_Config	96	static,ignoring_inline_asm
../Core/Src/main.c:681:6:HAL_TIM_IC_CaptureCallback	16	static
../Core/Src/main.c:765:6:Update_Motors	0	static
../Core/Src/main.c:793:6:processCompleteMessage	16	static
../Core/Src/main.c:777:6:HAL_UART_RxCpltCallback	16	static
../Core/Src/main.c:806:6:CheckSwitchMode	24	static
../Core/Src/main.c:838:5:__io_putchar	16	static
../Core/Src/main.c:843:6:HAL_UART_ErrorCallback	8	static
../Core/Src/main.c:868:6:IMU_Init	24	static
../Core/Src/main.c:896:6:IMU_Read	32	static
../Core/Src/main.c:121:5:main	160	static,ignoring_inline_asm
../Core/Src/main.c:932:6:Error_Handler	0	static,ignoring_inline_asm
