../Core/Src/stm32l4xx_hal_msp.c:65:6:HAL_MspInit	8	static
../Core/Src/stm32l4xx_hal_msp.c:88:6:HAL_I2C_MspInit	176	static
../Core/Src/stm32l4xx_hal_msp.c:135:6:HAL_I2C_MspDeInit	8	static
../Core/Src/stm32l4xx_hal_msp.c:166:6:HAL_TIM_PWM_MspInit	16	static
../Core/Src/stm32l4xx_hal_msp.c:192:6:HAL_TIM_IC_MspInit	48	static
../Core/Src/stm32l4xx_hal_msp.c:235:6:HAL_TIM_MspPostInit	32	static
../Core/Src/stm32l4xx_hal_msp.c:268:6:HAL_TIM_PWM_MspDeInit	0	static
../Core/Src/stm32l4xx_hal_msp.c:293:6:HAL_TIM_IC_MspDeInit	8	static
../Core/Src/stm32l4xx_hal_msp.c:327:6:HAL_UART_MspInit	184	static
../Core/Src/stm32l4xx_hal_msp.c:411:6:HAL_UART_MspDeInit	8	static
