../Drivers/BSP/Components/lis3mdl/lis3mdl_reg.c:48:16:lis3mdl_read_reg	4	static
../Drivers/BSP/Components/lis3mdl/lis3mdl_reg.c:74:16:lis3mdl_write_reg	4	static
../Drivers/BSP/Components/lis3mdl/lis3mdl_reg.c:102:9:lis3mdl_from_fs4_to_gauss	0	static
../Drivers/BSP/Components/lis3mdl/lis3mdl_reg.c:107:9:lis3mdl_from_fs8_to_gauss	0	static
../Drivers/BSP/Components/lis3mdl/lis3mdl_reg.c:112:9:lis3mdl_from_fs12_to_gauss	0	static
../Drivers/BSP/Components/lis3mdl/lis3mdl_reg.c:117:9:lis3mdl_from_fs16_to_gauss	0	static
../Drivers/BSP/Components/lis3mdl/lis3mdl_reg.c:122:9:lis3mdl_from_lsb_to_celsius	0	static
../Drivers/BSP/Components/lis3mdl/lis3mdl_reg.c:148:9:lis3mdl_data_rate_set	24	static
../Drivers/BSP/Components/lis3mdl/lis3mdl_reg.c:186:9:lis3mdl_data_rate_get	16	static
../Drivers/BSP/Components/lis3mdl/lis3mdl_reg.c:344:9:lis3mdl_temperature_meas_set	24	static
../Drivers/BSP/Components/lis3mdl/lis3mdl_reg.c:368:9:lis3mdl_temperature_meas_get	16	static
../Drivers/BSP/Components/lis3mdl/lis3mdl_reg.c:387:9:lis3mdl_full_scale_set	24	static
../Drivers/BSP/Components/lis3mdl/lis3mdl_reg.c:411:9:lis3mdl_full_scale_get	16	static
../Drivers/BSP/Components/lis3mdl/lis3mdl_reg.c:452:9:lis3mdl_operating_mode_set	24	static
../Drivers/BSP/Components/lis3mdl/lis3mdl_reg.c:477:9:lis3mdl_operating_mode_get	16	static
../Drivers/BSP/Components/lis3mdl/lis3mdl_reg.c:515:9:lis3mdl_fast_low_power_set	24	static
../Drivers/BSP/Components/lis3mdl/lis3mdl_reg.c:539:9:lis3mdl_fast_low_power_get	16	static
../Drivers/BSP/Components/lis3mdl/lis3mdl_reg.c:558:9:lis3mdl_block_data_update_set	24	static
../Drivers/BSP/Components/lis3mdl/lis3mdl_reg.c:582:9:lis3mdl_block_data_update_get	16	static
../Drivers/BSP/Components/lis3mdl/lis3mdl_reg.c:602:9:lis3mdl_high_part_cycle_set	24	static
../Drivers/BSP/Components/lis3mdl/lis3mdl_reg.c:627:9:lis3mdl_high_part_cycle_get	16	static
../Drivers/BSP/Components/lis3mdl/lis3mdl_reg.c:646:9:lis3mdl_mag_data_ready_get	16	static
../Drivers/BSP/Components/lis3mdl/lis3mdl_reg.c:666:9:lis3mdl_mag_data_ovr_get	16	static
../Drivers/BSP/Components/lis3mdl/lis3mdl_reg.c:685:9:lis3mdl_magnetic_raw_get	16	static
../Drivers/BSP/Components/lis3mdl/lis3mdl_reg.c:708:9:lis3mdl_temperature_raw_get	16	static
../Drivers/BSP/Components/lis3mdl/lis3mdl_reg.c:740:9:lis3mdl_device_id_get	8	static
../Drivers/BSP/Components/lis3mdl/lis3mdl_reg.c:756:9:lis3mdl_self_test_set	24	static
../Drivers/BSP/Components/lis3mdl/lis3mdl_reg.c:780:9:lis3mdl_self_test_get	16	static
../Drivers/BSP/Components/lis3mdl/lis3mdl_reg.c:799:9:lis3mdl_reset_set	24	static
../Drivers/BSP/Components/lis3mdl/lis3mdl_reg.c:823:9:lis3mdl_reset_get	16	static
../Drivers/BSP/Components/lis3mdl/lis3mdl_reg.c:842:9:lis3mdl_boot_set	24	static
../Drivers/BSP/Components/lis3mdl/lis3mdl_reg.c:866:9:lis3mdl_boot_get	16	static
../Drivers/BSP/Components/lis3mdl/lis3mdl_reg.c:885:9:lis3mdl_data_format_set	24	static
../Drivers/BSP/Components/lis3mdl/lis3mdl_reg.c:909:9:lis3mdl_data_format_get	16	static
../Drivers/BSP/Components/lis3mdl/lis3mdl_reg.c:942:9:lis3mdl_status_get	8	static
../Drivers/BSP/Components/lis3mdl/lis3mdl_reg.c:967:9:lis3mdl_int_config_set	8	static
../Drivers/BSP/Components/lis3mdl/lis3mdl_reg.c:981:9:lis3mdl_int_config_get	8	static
../Drivers/BSP/Components/lis3mdl/lis3mdl_reg.c:994:9:lis3mdl_int_generation_set	24	static
../Drivers/BSP/Components/lis3mdl/lis3mdl_reg.c:1018:9:lis3mdl_int_generation_get	16	static
../Drivers/BSP/Components/lis3mdl/lis3mdl_reg.c:1038:9:lis3mdl_int_notification_mode_set	24	static
../Drivers/BSP/Components/lis3mdl/lis3mdl_reg.c:1064:9:lis3mdl_int_notification_mode_get	16	static
../Drivers/BSP/Components/lis3mdl/lis3mdl_reg.c:1098:9:lis3mdl_int_polarity_set	24	static
../Drivers/BSP/Components/lis3mdl/lis3mdl_reg.c:1122:9:lis3mdl_int_polarity_get	16	static
../Drivers/BSP/Components/lis3mdl/lis3mdl_reg.c:1156:9:lis3mdl_int_on_z_ax_set	24	static
../Drivers/BSP/Components/lis3mdl/lis3mdl_reg.c:1180:9:lis3mdl_int_on_z_ax_get	16	static
../Drivers/BSP/Components/lis3mdl/lis3mdl_reg.c:1199:9:lis3mdl_int_on_y_ax_set	24	static
../Drivers/BSP/Components/lis3mdl/lis3mdl_reg.c:1223:9:lis3mdl_int_on_y_ax_get	16	static
../Drivers/BSP/Components/lis3mdl/lis3mdl_reg.c:1242:9:lis3mdl_int_on_x_ax_set	24	static
../Drivers/BSP/Components/lis3mdl/lis3mdl_reg.c:1266:9:lis3mdl_int_on_x_ax_get	16	static
../Drivers/BSP/Components/lis3mdl/lis3mdl_reg.c:1285:9:lis3mdl_int_source_get	8	static
../Drivers/BSP/Components/lis3mdl/lis3mdl_reg.c:1299:9:lis3mdl_interrupt_event_flag_get	16	static
../Drivers/BSP/Components/lis3mdl/lis3mdl_reg.c:1319:9:lis3mdl_int_mag_over_range_flag_get	16	static
../Drivers/BSP/Components/lis3mdl/lis3mdl_reg.c:1339:9:lis3mdl_int_neg_z_flag_get	16	static
../Drivers/BSP/Components/lis3mdl/lis3mdl_reg.c:1358:9:lis3mdl_int_neg_y_flag_get	16	static
../Drivers/BSP/Components/lis3mdl/lis3mdl_reg.c:1376:9:lis3mdl_int_neg_x_flag_get	16	static
../Drivers/BSP/Components/lis3mdl/lis3mdl_reg.c:1394:9:lis3mdl_int_pos_z_flag_get	16	static
../Drivers/BSP/Components/lis3mdl/lis3mdl_reg.c:1412:9:lis3mdl_int_pos_y_flag_get	16	static
../Drivers/BSP/Components/lis3mdl/lis3mdl_reg.c:1430:9:lis3mdl_int_pos_x_flag_get	16	static
../Drivers/BSP/Components/lis3mdl/lis3mdl_reg.c:1448:9:lis3mdl_int_threshold_set	16	static
../Drivers/BSP/Components/lis3mdl/lis3mdl_reg.c:1468:9:lis3mdl_int_threshold_get	16	static
../Drivers/BSP/Components/lis3mdl/lis3mdl_reg.c:1501:9:lis3mdl_spi_mode_set	24	static
../Drivers/BSP/Components/lis3mdl/lis3mdl_reg.c:1525:9:lis3mdl_spi_mode_get	16	static
